[backblue.gif]
[fade.gif]
[index.html]
[miespe.espe.edu.ec/js/clientsniffer.js]
[miespe.espe.edu.ec/js/util.js]
[miespe.espe.edu.ec/misc/html/fondo/rep.png]
[miespe.espe.edu.ec/misc/html/fondo/logo.png]
[miespe.espe.edu.ec/publicaciones/usuario.png]
[miespe.espe.edu.ec/publicaciones/llaves.png]
[miespe.espe.edu.ec/cps/images/misc/foot_logo.gif]
[miespe.espe.edu.ec/cp/home/displaylogin.html]
[miespe.espe.edu.ec/cps/images/misc/email_dft.gif]
[miespe.espe.edu.ec/cps/images/misc/calendar_dft.gif]
[miespe.espe.edu.ec/cps/images/misc/groups_dft.gif]
[miespe.espe.edu.ec/misc/style.css]
[miespe.espe.edu.ec/custom/classic/images/misc/btnbg.gif]
[miespe.espe.edu.ec/custom/classic/images/misc/tab_corner.gif]
[miespe.espe.edu.ec/custom/classic/images/misc/tab_corner_right.gif]
[miespe.espe.edu.ec/custom/classic/images/misc/menu_bg.gif]
[miespe.espe.edu.ec/custom/classic/custom.css]
[miespe.espe.edu.ec/cp/content/style.css]
[miespe.espe.edu.ec/media/org/jasig/portal/channels/CUserPreferences/tab-column/channel/chan_box_bg.html]
[www.espe.edu.ec/wp-content/uploads/2018/11/espe.png]
